// Jest Snapshot v1, https://goo.gl/fbAQLP

exports[`AddButtonTab Components should renders correctly 1`] = `
<View
  style={
    Array [
      Object {
        "alignItems": "center",
        "borderRadius": 32.5,
        "height": 65,
        "justifyContent": "center",
        "marginTop": -30,
        "width": 65,
      },
      Object {
        "backgroundColor": undefined,
      },
    ]
  }
>
  <View
    style={
      Object {
        "alignItems": "center",
        "backgroundColor": "#00C0FF",
        "borderRadius": 25,
        "height": 50,
        "justifyContent": "center",
        "width": 50,
      }
    }
  />
</View>
`;
